[backblue.gif]
[fade.gif]
[index.html]
[demo.frontpixels.com/appcase/layout_1/01_cloud_with_image_background/assets/images/favicon.ico]
[demo.frontpixels.com/appcase/layout_1/01_cloud_with_image_background/assets/images/apple-touch-icon.png]
[demo.frontpixels.com/appcase/layout_1/01_cloud_with_image_background/assets/images/apple-touch-icon-72x72.png]
[demo.frontpixels.com/appcase/layout_1/01_cloud_with_image_background/assets/images/apple-touch-icon-114x114.png]
[demo.frontpixels.com/appcase/layout_1/01_cloud_with_image_background/assets/images/logo_dark.png]
[demo.frontpixels.com/appcase/layout_1/01_cloud_with_image_background/assets/images/logo_light.png]
[demo.frontpixels.com/appcase/layout_1/01_cloud_with_image_background/assets/images/app_store_btn.png]
[demo.frontpixels.com/appcase/layout_1/01_cloud_with_image_background/assets/images/play_store_btn.png]
[demo.frontpixels.com/appcase/layout_1/01_cloud_with_image_background/assets/images/iphone01.png]
[demo.frontpixels.com/appcase/layout_1/01_cloud_with_image_background/assets/images/iphone02.png]
[demo.frontpixels.com/appcase/layout_1/01_cloud_with_image_background/assets/images/iphone03.png]
[demo.frontpixels.com/appcase/layout_1/01_cloud_with_image_background/assets/images/iphone04.png]
[demo.frontpixels.com/appcase/layout_1/01_cloud_with_image_background/assets/images/avatar01.jpg]
[demo.frontpixels.com/appcase/layout_1/01_cloud_with_image_background/assets/images/avatar03.jpg]
[demo.frontpixels.com/appcase/layout_1/01_cloud_with_image_background/assets/images/avatar02.jpg]
[demo.frontpixels.com/appcase/layout_1/01_cloud_with_image_background/assets/images/screenshots/screen01.png]
[demo.frontpixels.com/appcase/layout_1/01_cloud_with_image_background/assets/images/screenshots/screen02.png]
[demo.frontpixels.com/appcase/layout_1/01_cloud_with_image_background/assets/images/screenshots/screen03.png]
[demo.frontpixels.com/appcase/layout_1/01_cloud_with_image_background/assets/images/screenshots/screen04.png]
[demo.frontpixels.com/appcase/layout_1/01_cloud_with_image_background/assets/images/screenshots/screen05.png]
[demo.frontpixels.com/appcase/layout_1/01_cloud_with_image_background/assets/images/screenshots/screen06.png]
[demo.frontpixels.com/appcase/layout_1/01_cloud_with_image_background/assets/images/iphone05.png]
[demo.frontpixels.com/appcase/layout_1/01_cloud_with_image_background/assets/images/clients/logo01.png]
[demo.frontpixels.com/appcase/layout_1/01_cloud_with_image_background/assets/images/clients/logo02.png]
[demo.frontpixels.com/appcase/layout_1/01_cloud_with_image_background/assets/images/clients/logo03.png]
[demo.frontpixels.com/appcase/layout_1/01_cloud_with_image_background/assets/images/clients/logo04.png]
[demo.frontpixels.com/appcase/layout_1/01_cloud_with_image_background/assets/images/clients/logo05.png]
[demo.frontpixels.com/appcase/layout_1/01_cloud_with_image_background/assets/images/clients/logo06.png]
[demo.frontpixels.com/appcase/layout_1/01_cloud_with_image_background/assets/images/clients/logo07.png]
[demo.frontpixels.com/appcase/layout_1/01_cloud_with_image_background/assets/images/clients/logo08.png]
[demo.frontpixels.com/appcase/layout_1/01_cloud_with_image_background/assets/js/jquery.min.js]
[demo.frontpixels.com/appcase/layout_1/01_cloud_with_image_background/assets/js/wow.min.js]
[demo.frontpixels.com/appcase/layout_1/01_cloud_with_image_background/assets/js/waypoints.min.js]
[demo.frontpixels.com/appcase/layout_1/01_cloud_with_image_background/assets/js/jquery.counterup.min.js]
[demo.frontpixels.com/appcase/layout_1/01_cloud_with_image_background/assets/js/owl.carousel.min.js]
[demo.frontpixels.com/appcase/layout_1/01_cloud_with_image_background/assets/js/jquery.magnific-popup.min.js]
[demo.frontpixels.com/appcase/layout_1/01_cloud_with_image_background/assets/js/jquery.form.js]
[demo.frontpixels.com/appcase/layout_1/01_cloud_with_image_background/assets/js/jquery.validate.min.js]
[demo.frontpixels.com/appcase/layout_1/01_cloud_with_image_background/assets/js/jquery.ajaxchimp.min.js]
[demo.frontpixels.com/appcase/layout_1/01_cloud_with_image_background/assets/js/bootstrap.min.js]
[demo.frontpixels.com/appcase/layout_1/01_cloud_with_image_background/assets/js/init.js]
[demo.frontpixels.com/appcase/layout_1/01_cloud_with_image_background/switcher/switcher.js]
[www.google-analytics.com/analytics.js]
[demo.frontpixels.com/appcase/layout_1/01_cloud_with_image_background/index.html]
[demo.frontpixels.com/appcase/layout_1/01_cloud_with_image_background/assets/fonts/ionicons28b5.eot]
[demo.frontpixels.com/appcase/layout_1/01_cloud_with_image_background/assets/fonts/ionicons28b5.ttf]
[demo.frontpixels.com/appcase/layout_1/01_cloud_with_image_background/assets/fonts/ionicons28b5.woff]
[demo.frontpixels.com/appcase/layout_1/01_cloud_with_image_background/assets/css/ionicons.min.css]
[demo.frontpixels.com/appcase/layout_1/01_cloud_with_image_background/assets/css/animate.css]
[demo.frontpixels.com/appcase/layout_1/01_cloud_with_image_background/assets/css/owl.carousel.css]
[demo.frontpixels.com/appcase/layout_1/01_cloud_with_image_background/assets/css/magnific-popup.css]
[demo.frontpixels.com/appcase/layout_1/01_cloud_with_image_background/assets/fonts/glyphicons-halflings-regular.eot]
[demo.frontpixels.com/appcase/layout_1/01_cloud_with_image_background/assets/fonts/glyphicons-halflings-regulard41d.eot]
[demo.frontpixels.com/appcase/layout_1/01_cloud_with_image_background/assets/fonts/glyphicons-halflings-regular.woff2]
[demo.frontpixels.com/appcase/layout_1/01_cloud_with_image_background/assets/fonts/glyphicons-halflings-regular.woff]
[demo.frontpixels.com/appcase/layout_1/01_cloud_with_image_background/assets/fonts/glyphicons-halflings-regular.ttf]
[demo.frontpixels.com/appcase/layout_1/01_cloud_with_image_background/assets/css/bootstrap.min.css]
[demo.frontpixels.com/appcase/layout_1/01_cloud_with_image_background/assets/images/cloud_01.png]
[demo.frontpixels.com/appcase/layout_1/01_cloud_with_image_background/assets/images/cloud_02.png]
[demo.frontpixels.com/appcase/layout_1/01_cloud_with_image_background/assets/images/cloud_03.png]
[demo.frontpixels.com/appcase/layout_1/01_cloud_with_image_background/assets/images/intro_bg.jpg]
[demo.frontpixels.com/appcase/layout_1/01_cloud_with_image_background/assets/images/video_bg.jpg]
[demo.frontpixels.com/appcase/layout_1/01_cloud_with_image_background/assets/images/review_bg.jpg]
[demo.frontpixels.com/appcase/layout_1/01_cloud_with_image_background/assets/images/share_bg.jpg]
[demo.frontpixels.com/appcase/layout_1/01_cloud_with_image_background/assets/images/statistic_bg.jpg]
[demo.frontpixels.com/appcase/layout_1/01_cloud_with_image_background/assets/images/contact_bg.jpg]
[demo.frontpixels.com/appcase/layout_1/01_cloud_with_image_background/assets/css/style.css]
[demo.frontpixels.com/appcase/layout_1/01_cloud_with_image_background/switcher/switcher.css]
[demo.frontpixels.com/appcase/layout_1/01_cloud_with_image_background/assets/fonts/ionicons28b5.svg]
[demo.frontpixels.com/appcase/layout_1/01_cloud_with_image_background/assets/css/owl.video.play.html]
[demo.frontpixels.com/appcase/layout_1/01_cloud_with_image_background/assets/fonts/glyphicons-halflings-regular.svg]
